
> volta-hr@0.1.0 build
> npm run i18n:compile && next build --turbopack


> volta-hr@0.1.0 i18n:compile
> lingui compile --typescript

Compiling message catalogs…
Done in 2s
   ▲ Next.js 15.5.7 (Turbopack)
   - Environments: .env.local
   - Experiments (use with caution):
     · swcPlugins

   Creating an optimized production build ...
 ✓ Finished writing to disk in 124ms
 ✓ Compiled successfully in 60s
   Linting and checking validity of types ...
   Collecting page data ...
   Generating static pages (0/44) ...
   Generating static pages (11/44) 
   Generating static pages (22/44) 
   Generating static pages (33/44) 
 ✓ Generating static pages (44/44)
   Finalizing page optimization ...
   Collecting build traces ...

Route (app)                                                        Size  First Load JS
┌ ƒ /                                                           70.5 kB         217 kB
├ ƒ /_not-found                                                     0 B         147 kB
├ ƒ /api/auth/logout                                                0 B            0 B
├ ƒ /api/auth/profile/photo                                         0 B            0 B
├ ƒ /api/auth/profile/photo/[filename]                              0 B            0 B
├ ƒ /api/company                                                    0 B            0 B
├ ƒ /api/company-documents/[id]/download                            0 B            0 B
├ ƒ /api/company-documents/[id]/preview                             0 B            0 B
├ ƒ /api/company/logo                                               0 B            0 B
├ ƒ /api/company/logo/[filename]                                    0 B            0 B
├ ƒ /api/documents/[id]/download                                    0 B            0 B
├ ƒ /api/documents/[id]/preview                                     0 B            0 B
├ ƒ /api/health                                                     0 B            0 B
├ ƒ /api/payroll/excel/[id]                                         0 B            0 B
├ ƒ /api/payroll/excel/bci/[id]                                     0 B            0 B
├ ƒ /api/payroll/excel/tabela/[id]                                  0 B            0 B
├ ƒ /api/paystubs/[id]/pdf                                          0 B            0 B
├ ƒ /api/proxy/users                                                0 B            0 B
├ ○ /apple-icon.png                                                 0 B            0 B
├ ƒ /dashboard                                                   114 kB         296 kB
├ ƒ /dashboard/attendance                                       14.8 kB         196 kB
├ ƒ /dashboard/company                                          22.2 kB         212 kB
├ ƒ /dashboard/departments                                      9.07 kB         191 kB
├ ƒ /dashboard/documents                                        16.4 kB         198 kB
├ ƒ /dashboard/employees                                        13.3 kB         203 kB
├ ƒ /dashboard/employees/[id]                                   8.46 kB         224 kB
├ ƒ /dashboard/employees/new                                    8.75 kB         224 kB
├ ƒ /dashboard/leaves                                           5.38 kB         204 kB
├ ƒ /dashboard/meetings                                         16.7 kB         198 kB
├ ƒ /dashboard/my-attendance                                      14 kB         196 kB
├ ƒ /dashboard/my-documents                                     19.2 kB         201 kB
├ ƒ /dashboard/my-leaves                                        3.21 kB         202 kB
├ ƒ /dashboard/my-timesheets                                    18.3 kB         208 kB
├ ƒ /dashboard/organization                                     4.96 kB         187 kB
├ ƒ /dashboard/organization/all-departments                         0 B         148 kB
├ ƒ /dashboard/organization/all-documents                       1.03 kB         149 kB
├ ƒ /dashboard/organization/companies/[id]                      2.92 kB         185 kB
├ ƒ /dashboard/organization/companies/[id]/edit                 3.36 kB         185 kB
├ ƒ /dashboard/organization/companies/[id]/users                2.19 kB         184 kB
├ ƒ /dashboard/organization/companies/[id]/users/[userId]/edit   2.6 kB         184 kB
├ ƒ /dashboard/organization/companies/[id]/users/new            3.16 kB         185 kB
├ ƒ /dashboard/organization/companies/new                        3.4 kB         185 kB
├ ƒ /dashboard/organization/company-documents                   1.08 kB         149 kB
├ ƒ /dashboard/organization/departments                         17.4 kB         165 kB
├ ƒ /dashboard/organization/payrolls                            1.33 kB         149 kB
├ ƒ /dashboard/organization/timesheets                            655 B         148 kB
├ ƒ /dashboard/payroll                                          4.67 kB         186 kB
├ ƒ /dashboard/paystubs                                         14.8 kB         196 kB
├ ƒ /dashboard/profile                                          12.7 kB         194 kB
├ ƒ /dashboard/reports                                           126 kB         308 kB
├ ƒ /dashboard/timesheets                                       10.2 kB         226 kB
├ ƒ /forgot-password                                            3.94 kB         176 kB
├ ○ /icon.png                                                       0 B            0 B
├ ƒ /login                                                      3.81 kB         176 kB
├ ƒ /platform/dashboard                                         6.36 kB         187 kB
├ ƒ /platform/organizations/[id]                                 4.1 kB         185 kB
├ ƒ /reset-password                                             3.98 kB         176 kB
├ ƒ /signup                                                     4.15 kB         151 kB
└ ƒ /signup/success                                             2.21 kB         149 kB
+ First Load JS shared by all                                    172 kB
  ├ chunks/27c2c2b90d81f457.js                                  16.6 kB
  ├ chunks/569585b0af9ad9b3.js                                    18 kB
  ├ chunks/91a60b0b112b10b3.js                                  59.2 kB
  ├ chunks/bbf89c5280eb1f0c.js                                  17.3 kB
  ├ chunks/5f21d2abc9909f6d.css                                 24.6 kB
  └ other shared chunks (total)                                 36.5 kB


ƒ Middleware                                                     566 kB

○  (Static)   prerendered as static content
ƒ  (Dynamic)  server-rendered on demand

